
Module: C:\SRC\C\WC\LIBAPI\pmmouse.c
Group: 'DGROUP' CONST,CONST2,_DATA,_BSS

Segment: _TEXT  BYTE USE32  000002b8 bytes  
 0000  1e                pmmouse_        push    ds
 0001  e8 00 00 00 00                    call    __GETDS
 0006  55                                push    ebp
 0007  89 e5                             mov     ebp,esp
 0009  81 ec 18 00 00 00                 sub     esp,00000018H
 000f  89 45 e8                          mov     -18H[ebp],eax
 0012  89 5d ec                          mov     -14H[ebp],ebx
 0015  89 4d f0                          mov     -10H[ebp],ecx
 0018  89 55 f4                          mov     -0cH[ebp],edx
 001b  89 75 f8                          mov     -8H[ebp],esi
 001e  89 7d fc                          mov     -4H[ebp],edi
 0021  66 8c d2                          mov     dx,ss
 0024  89 e0                             mov     eax,esp
 0026  89 d3                             mov     ebx,edx
 0028  89 c1                             mov     ecx,eax
 002a  66 89 1d 04 00 00 
       00                                mov     L12,bx
 0031  89 0d 00 00 00 00                 mov     L11,ecx
 0037  8c d9                             mov     cx,ds
 0039  ba 06 04 00 00                    mov     edx,offset L14
 003e  89 c8                             mov     eax,ecx
 0040  89 d1                             mov     ecx,edx
 0042  89 c2                             mov     edx,eax
 0044  89 c8                             mov     eax,ecx
 0046  8e d2                             mov     ss,dx
 0048  89 c4                             mov     esp,eax
 004a  bb 0c 00 00 00                    mov     ebx,0000000cH
 004f  31 d2                             xor     edx,edx
 0051  b8 00 00 00 00                    mov     eax,offset _etc_Mouse1
 0056  e8 00 00 00 00                    call    memset_
 005b  bb 0c 00 00 00                    mov     ebx,0000000cH
 0060  31 d2                             xor     edx,edx
 0062  b8 00 00 00 00                    mov     eax,offset _etc_Mouse2
 0067  e8 00 00 00 00                    call    memset_
 006c  80 3d 00 00 00 00 
       01                                cmp     byte ptr _etc_Mouse1Switch,01H
 0073  0f 85 25 01 00 00                 jne     L5
 0079  8b 45 f0                          mov     eax,-10H[ebp]
 007c  66 a3 00 00 00 00                 mov     _etc_Mouse1,ax
 0082  8b 45 f4                          mov     eax,-0cH[ebp]
 0085  66 a3 02 00 00 00                 mov     _etc_Mouse1+2H,ax
 008b  66 83 7d f8 00                    cmp     word ptr -8H[ebp],0000H
 0090  7d 16                             jge     L1
 0092  66 8b 0d 08 00 00 
       00                                mov     cx,_etc_Mouse1Config+8H
 0099  b8 01 00 00 00                    mov     eax,00000001H
 009e  d3 e0                             shl     eax,cl
 00a0  66 a3 04 00 00 00                 mov     _etc_Mouse1+4H,ax
 00a6  eb 14                             jmp     L2
 00a8  66 8b 0d 0c 00 00 
       00                L1              mov     cx,_etc_Mouse1Config+0cH
 00af  b8 01 00 00 00                    mov     eax,00000001H
 00b4  d3 e0                             shl     eax,cl
 00b6  66 a3 04 00 00 00                 mov     _etc_Mouse1+4H,ax
 00bc  66 83 7d fc 00    L2              cmp     word ptr -4H[ebp],0000H
 00c1  7d 16                             jge     L3
 00c3  8a 0d 04 00 00 00                 mov     cl,_etc_Mouse1Config+4H
 00c9  b8 01 00 00 00                    mov     eax,00000001H
 00ce  d3 e0                             shl     eax,cl
 00d0  66 09 05 04 00 00 
       00                                or      _etc_Mouse1+4H,ax
 00d7  eb 14                             jmp     L4
 00d9  8a 0d 00 00 00 00 L3              mov     cl,_etc_Mouse1Config
 00df  b8 01 00 00 00                    mov     eax,00000001H
 00e4  d3 e0                             shl     eax,cl
 00e6  66 09 05 04 00 00 
       00                                or      _etc_Mouse1+4H,ax
 00ed  8b 45 ec          L4              mov     eax,-14H[ebp]
 00f0  25 01 00 00 00                    and     eax,00000001H
 00f5  66 a3 06 00 00 00                 mov     _etc_Mouse1+6H,ax
 00fb  8b 45 ec                          mov     eax,-14H[ebp]
 00fe  25 02 00 00 00                    and     eax,00000002H
 0103  98                                cwde    
 0104  d1 f8                             sar     eax,1
 0106  66 a3 08 00 00 00                 mov     _etc_Mouse1+8H,ax
 010c  8b 45 ec                          mov     eax,-14H[ebp]
 010f  25 04 00 00 00                    and     eax,00000004H
 0114  98                                cwde    
 0115  c1 f8 02                          sar     eax,02H
 0118  66 a3 0a 00 00 00                 mov     _etc_Mouse1+0aH,ax
 011e  31 c0                             xor     eax,eax
 0120  66 a1 04 00 00 00                 mov     ax,_etc_Mouse1+4H
 0126  a3 00 00 00 00                    mov     _etc_Mouse1Register,eax
 012b  31 c0                             xor     eax,eax
 012d  66 a1 06 00 00 00                 mov     ax,_etc_Mouse1+6H
 0133  8a 0d 10 00 00 00                 mov     cl,_etc_Mouse1Config+10H
 0139  d3 e0                             shl     eax,cl
 013b  09 05 00 00 00 00                 or      _etc_Mouse1Register,eax
 0141  31 c0                             xor     eax,eax
 0143  66 a1 08 00 00 00                 mov     ax,_etc_Mouse1+8H
 0149  8a 0d 14 00 00 00                 mov     cl,_etc_Mouse1Config+14H
 014f  d3 e0                             shl     eax,cl
 0151  09 05 00 00 00 00                 or      _etc_Mouse1Register,eax
 0157  31 c0                             xor     eax,eax
 0159  66 a1 0a 00 00 00                 mov     ax,_etc_Mouse1+0aH
 015f  8a 0d 18 00 00 00                 mov     cl,_etc_Mouse1Config+18H
 0165  d3 e0                             shl     eax,cl
 0167  09 05 00 00 00 00                 or      _etc_Mouse1Register,eax
 016d  a1 00 00 00 00                    mov     eax,_etc_TransferBuffer1
 0172  c6 00 00                          mov     byte ptr [eax],00H
 0175  a1 00 00 00 00                    mov     eax,_etc_TransferBuffer1
 017a  c6 40 01 41                       mov     byte ptr +1H[eax],41H
 017e  a1 00 00 00 00                    mov     eax,_etc_Mouse1Register
 0183  c1 e8 08                          shr     eax,08H
 0186  88 c2                             mov     dl,al
 0188  a1 00 00 00 00                    mov     eax,_etc_TransferBuffer1
 018d  88 50 02                          mov     +2H[eax],dl
 0190  8a 15 00 00 00 00                 mov     dl,_etc_Mouse1Register
 0196  a1 00 00 00 00                    mov     eax,_etc_TransferBuffer1
 019b  88 50 03                          mov     +3H[eax],dl
 019e  80 3d 00 00 00 00 
       01                L5              cmp     byte ptr _etc_Mouse2Switch,01H
 01a5  0f 85 f4 00 00 00                 jne     L10
 01ab  8b 45 f0                          mov     eax,-10H[ebp]
 01ae  66 a3 00 00 00 00                 mov     _etc_Mouse2,ax
 01b4  8b 45 f4                          mov     eax,-0cH[ebp]
 01b7  66 a3 02 00 00 00                 mov     _etc_Mouse2+2H,ax
 01bd  66 83 7d f8 00                    cmp     word ptr -8H[ebp],0000H
 01c2  7d 16                             jge     L6
 01c4  66 8b 0d 08 00 00 
       00                                mov     cx,_etc_Mouse2Config+8H
 01cb  b8 01 00 00 00                    mov     eax,00000001H
 01d0  d3 e0                             shl     eax,cl
 01d2  66 a3 04 00 00 00                 mov     _etc_Mouse2+4H,ax
 01d8  eb 14                             jmp     L7
 01da  66 8b 0d 0c 00 00 
       00                L6              mov     cx,_etc_Mouse2Config+0cH
 01e1  b8 01 00 00 00                    mov     eax,00000001H
 01e6  d3 e0                             shl     eax,cl
 01e8  66 a3 04 00 00 00                 mov     _etc_Mouse2+4H,ax
 01ee  66 83 7d fc 00    L7              cmp     word ptr -4H[ebp],0000H
 01f3  7d 16                             jge     L8
 01f5  8a 0d 04 00 00 00                 mov     cl,_etc_Mouse2Config+4H
 01fb  b8 01 00 00 00                    mov     eax,00000001H
 0200  d3 e0                             shl     eax,cl
 0202  66 09 05 04 00 00 
       00                                or      _etc_Mouse2+4H,ax
 0209  eb 14                             jmp     L9
 020b  8a 0d 00 00 00 00 L8              mov     cl,_etc_Mouse2Config
 0211  b8 01 00 00 00                    mov     eax,00000001H
 0216  d3 e0                             shl     eax,cl
 0218  66 09 05 04 00 00 
       00                                or      _etc_Mouse2+4H,ax
 021f  31 c0             L9              xor     eax,eax
 0221  66 a1 04 00 00 00                 mov     ax,_etc_Mouse2+4H
 0227  a3 00 00 00 00                    mov     _etc_Mouse2Register,eax
 022c  31 c0                             xor     eax,eax
 022e  66 a1 06 00 00 00                 mov     ax,_etc_Mouse2+6H
 0234  8a 0d 10 00 00 00                 mov     cl,_etc_Mouse2Config+10H
 023a  d3 e0                             shl     eax,cl
 023c  09 05 00 00 00 00                 or      _etc_Mouse2Register,eax
 0242  31 c0                             xor     eax,eax
 0244  66 a1 08 00 00 00                 mov     ax,_etc_Mouse2+8H
 024a  8a 0d 14 00 00 00                 mov     cl,_etc_Mouse2Config+14H
 0250  d3 e0                             shl     eax,cl
 0252  09 05 00 00 00 00                 or      _etc_Mouse2Register,eax
 0258  31 c0                             xor     eax,eax
 025a  66 a1 0a 00 00 00                 mov     ax,_etc_Mouse2+0aH
 0260  8a 0d 18 00 00 00                 mov     cl,_etc_Mouse2Config+18H
 0266  d3 e0                             shl     eax,cl
 0268  09 05 00 00 00 00                 or      _etc_Mouse2Register,eax
 026e  a1 00 00 00 00                    mov     eax,_etc_TransferBuffer1
 0273  c6 00 00                          mov     byte ptr [eax],00H
 0276  a1 00 00 00 00                    mov     eax,_etc_TransferBuffer1
 027b  c6 40 01 41                       mov     byte ptr +1H[eax],41H
 027f  a1 00 00 00 00                    mov     eax,_etc_Mouse1Register
 0284  c1 e8 08                          shr     eax,08H
 0287  88 c2                             mov     dl,al
 0289  a1 00 00 00 00                    mov     eax,_etc_TransferBuffer1
 028e  88 50 02                          mov     +2H[eax],dl
 0291  8a 15 00 00 00 00                 mov     dl,_etc_Mouse1Register
 0297  a1 00 00 00 00                    mov     eax,_etc_TransferBuffer1
 029c  88 50 03                          mov     +3H[eax],dl
 029f  66 a1 04 00 00 00 L10             mov     ax,L12
 02a5  8b 1d 00 00 00 00                 mov     ebx,L11
 02ab  89 c2                             mov     edx,eax
 02ad  89 d8                             mov     eax,ebx
 02af  8e d2                             mov     ss,dx
 02b1  89 c4                             mov     esp,eax
 02b3  89 ec                             mov     esp,ebp
 02b5  5d                                pop     ebp
 02b6  1f                                pop     ds
 02b7  cb                                retf    

No disassembly errors

------------------------------------------------------------

Segment: _BSS  DWORD USE32  00000406 bytes  

No disassembly errors

------------------------------------------------------------

Segment: $$SYMBOLS  BYTE USE16  00000091 bytes  
 0000  08 32                                   - .2
 0002  00 00 00 00 00 00                       DP      pmmouse_
 0008  28 25 00 00 00 00 b8 02                 - (%......
 0010  00 00 00 00 0f 05 08 00                 - ........
 0018  00 00 12 00 06 30 1c 30                 - .....0.0
 0020  1d 30 1e 30 1f 30 20 30                 - .0.0.0 0
 0028  21 70 6d 6d 6f 75 73 65                 - !pmmouse
 0030  12 11 21                                - ..!
 0033  06 00 00 00 00 00                       DP      DGROUP:L13
 0039  13 6e 65 77 73 74 61 63                 - .newstac
 0041  6b 12 11 21                             - k..!
 0045  00 00 00 00 00 00                       DP      DGROUP:L11
 004b  14 6f 6c 64 73 74 61 63                 - .oldstac
 0053  6b 0d 11 10 fc 06 6d 69                 - k.....mi
 005b  63 6b 65 79 5f 76 0d 11                 - ckey_v..
 0063  10 f8 06 6d 69 63 6b 65                 - ...micke
 006b  79 5f 68 08 11 10 f4 06                 - y_h.....
 0073  72 6f 77 08 11 10 f0 06                 - row.....
 007b  63 6f 6c 0a 11 10 ec 06                 - col.....
 0083  73 74 61 74 65 09 11 10                 - state...
 008b  e8 06 6d 61 73 6b                       - ..mask

No disassembly errors

------------------------------------------------------------

Segment: $$TYPES  BYTE USE16  000000cb bytes  
 0000  06 13 cb 00 00 00 08 11                 - ........
 0008  73 74 72 75 63 74 07 11                 - struct..
 0010  75 6e 69 6f 6e 06 11 65                 - union..e
 0018  6e 75 6d 0e 10 00 73 69                 - num...si
 0020  67 6e 65 64 20 63 68 61                 - gned cha
 0028  72 10 10 10 75 6e 73 69                 - r...unsi
 0030  67 6e 65 64 20 63 68 61                 - gned cha
 0038  72 08 10 01 73 68 6f 72                 - r...shor
 0040  74 11 10 11 75 6e 73 69                 - t...unsi
 0048  67 6e 65 64 20 73 68 6f                 - gned sho
 0050  72 74 06 10 03 69 6e 74                 - rt...int
 0058  0f 10 13 75 6e 73 69 67                 - ...unsig
 0060  6e 65 64 20 69 6e 74 08                 - ned int.
 0068  12 00 05 63 68 61 72 08                 - ...char.
 0070  12 00 05 63 68 61 72 0a                 - ...char.
 0078  12 00 09 73 69 7a 65 5f                 - ...size_
 0080  74 0a 12 00 05 75 5f 63                 - t....u_c
 0088  68 61 72 0b 12 00 07 75                 - har....u
 0090  5f 73 68 6f 72 74 10 10                 - _short..
 0098  13 75 6e 73 69 67 6e 65                 - .unsigne
 00a0  64 20 6c 6f 6e 67 0a 12                 - d long..
 00a8  00 0f 75 5f 6c 6f 6e 67                 - ..u_long
 00b0  07 10 30 76 6f 69 64 0a                 - ..0void.
 00b8  73 11 06 06 06 06 06 06                 - s.......
 00c0  06 05 21 ff 03 0a 03 47                 - ..!....G
 00c8  11 02 14                                - ...

No disassembly errors

------------------------------------------------------------

Segment: $$TYPES  BYTE USE16  00000056 bytes  
 0000  00 00 03 00 00 00 1d 00                 - ........
 0008  30 00 43 3a 5c 53 52 43                 - 0.C:\SRC
 0010  5c 43 5c 57 43 5c 4c 49                 - \C\WC\LI
 0018  42 41 50 49 5c 70 6d 6d                 - BAPI\pmm
 0020  6f 75 73 65 2e 63 00 43                 - ouse.c.C
 0028  3a 5c 57 43 31 30 5c 48                 - :\WC10\H
 0030  5c 73 74 72 69 6e 67 2e                 - \string.
 0038  68 00 43 3a 5c 53 52 43                 - h.C:\SRC
 0040  5c 43 5c 57 43 5c 4c 49                 - \C\WC\LI
 0048  42 41 50 49 5c 6c 69 62                 - BAPI\lib
 0050  65 74 63 2e 68 00                       - etc.h.

No disassembly errors

------------------------------------------------------------
